afterglow                    metre 4  madmom 113 downbeats, 113 on a score beat, 0 adrift, 8 flags change  [written]
apex                         metre 4  madmom  88 downbeats, 88 on a score beat, 0 adrift, 40 flags change  [written]
arz-kiya-hai                 metre 4  madmom 118 downbeats, 118 on a score beat, 0 adrift, 0 flags change  [written]
cipher-of-the-last-will      metre 4  madmom 273 downbeats, 273 on a score beat, 0 adrift, 177 flags change, grid drifts (one phase fits only 78%)  [written]
cyberpunk                    metre 4  madmom  95 downbeats, 95 on a score beat, 0 adrift, 0 flags change  [written]
dont-look-down               metre 4  madmom 115 downbeats, 115 on a score beat, 0 adrift, 0 flags change  [written]
entharo-mahanu               metre 4  madmom 136 downbeats, 136 on a score beat, 0 adrift, 155 flags change, grid drifts (one phase fits only 93%)  [written]
mizhiyoram                   metre 4  madmom  42 downbeats, 42 on a score beat, 0 adrift, 0 flags change  [written]
killers-from-the-northside   metre 4  madmom  72 downbeats, 72 on a score beat, 0 adrift, 0 flags change  [written]
language                     metre 4  madmom 111 downbeats, 111 on a score beat, 0 adrift, 0 flags change  [written]
levels                       metre 4  madmom 124 downbeats, 124 on a score beat, 0 adrift, 0 flags change  [written]
experience                   metre 4  madmom 118 downbeats, 118 on a score beat, 0 adrift, 133 flags change  [written]
holocene                     metre 4  madmom 158 downbeats, 158 on a score beat, 0 adrift, 128 flags change, grid drifts (one phase fits only 73%)  [written]
raga-of-revenge              metre 4  madmom  62 downbeats, 62 on a score beat, 0 adrift, 0 flags change  [written]
nebulakal                    metre 4  madmom 150 downbeats, 150 on a score beat, 0 adrift, 300 flags change  [written]
nod-krai                     metre 4  madmom 104 downbeats, 104 on a score beat, 0 adrift, 130 flags change  [written]
ponni-nadhi                  metre 4  madmom 170 downbeats, 170 on a score beat, 0 adrift, 101 flags change, grid drifts (one phase fits only 95%)  [written]
starlight                    metre 4  madmom 109 downbeats, 109 on a score beat, 0 adrift, 0 flags change  [written]
strobe                       metre 4  madmom 123 downbeats, 123 on a score beat, 0 adrift, 211 flags change  [written]
the-nights                   metre 4  madmom  89 downbeats, 89 on a score beat, 0 adrift, 0 flags change  [written]
shootout                     metre 4  madmom 104 downbeats, 104 on a score beat, 0 adrift, 0 flags change  [written]
the-feeling                  metre 4  madmom 106 downbeats, 106 on a score beat, 0 adrift, 144 flags change  [written]
under-water                  metre 4  madmom  98 downbeats, 98 on a score beat, 0 adrift, 195 flags change  [written]
the-war-cry                  metre 4  madmom 126 downbeats, 126 on a score beat, 0 adrift, 41 flags change  [written]
wetwork                      metre 4  madmom  77 downbeats, 77 on a score beat, 0 adrift, 110 flags change  [written]
world-of-lokah               metre 4  madmom  52 downbeats, 52 on a score beat, 0 adrift, 82 flags change  [written]
where-are-u-now-original     metre 4  madmom 139 downbeats, 139 on a score beat, 0 adrift, 278 flags change  [written]
where-are-u-now              metre 4  madmom 160 downbeats, 160 on a score beat, 0 adrift, 320 flags change  [written]
